// Jest Snapshot v1, https://goo.gl/fbAQLP

exports[`MapsTable can match snapshot 1`] = `
<DocumentFragment>
  <table
    class="MuiTable-root"
  >
    <thead
      class="MuiTableHead-root"
    >
      <tr
        class="MuiTableRow-root MuiTableRow-head"
      >
        <th
          class="MuiTableCell-root MuiTableCell-head"
          scope="col"
        >
          Type
        </th>
        <th
          class="MuiTableCell-root MuiTableCell-head"
          scope="col"
        >
          Nom
        </th>
        <th
          class="MuiTableCell-root MuiTableCell-head"
          scope="col"
        >
          Date de dernière modification
        </th>
        <th
          class="MuiTableCell-root MuiTableCell-head"
          scope="col"
        >
          Actions
        </th>
      </tr>
    </thead>
    <tbody
      class="MuiTableBody-root"
    >
      <tr
        class="MuiTableRow-root MuiTableRow-hover"
        style="cursor: pointer;"
      >
        <td
          class="MuiTableCell-root MuiTableCell-body"
        >
          <svg
            aria-hidden="true"
            class="MuiSvgIcon-root"
            focusable="false"
            title="Simulation"
            viewBox="0 0 24 24"
          >
            <path
              d="M21 2H3c-1.1 0-2 .9-2 2v12c0 1.1.9 2 2 2h7v2H8v2h8v-2h-2v-2h7c1.1 0 2-.9 2-2V4c0-1.1-.9-2-2-2zm0 14H3V4h18v12z"
            />
          </svg>
        </td>
        <td
          class="MuiTableCell-root MuiTableCell-body"
        >
          name_2
        </td>
        <td
          class="MuiTableCell-root MuiTableCell-body"
        >
          jeudi 8 avril 2021 à 17:35:35
        </td>
        <td
          class="MuiTableCell-root MuiTableCell-body"
        >
          <button
            class="MuiButtonBase-root MuiIconButton-root"
            tabindex="0"
            type="button"
          >
            <span
              class="MuiIconButton-label"
            >
              <svg
                aria-hidden="true"
                class="MuiSvgIcon-root"
                focusable="false"
                viewBox="0 0 24 24"
              >
                <path
                  d="M6 19c0 1.1.9 2 2 2h8c1.1 0 2-.9 2-2V7H6v12zM8 9h8v10H8V9zm7.5-5l-1-1h-5l-1 1H5v2h14V4z"
                />
              </svg>
            </span>
          </button>
        </td>
      </tr>
      <tr
        class="MuiTableRow-root MuiTableRow-hover"
        style="cursor: pointer;"
      >
        <td
          class="MuiTableCell-root MuiTableCell-body"
        >
          <svg
            aria-hidden="true"
            class="MuiSvgIcon-root"
            focusable="false"
            title="Crazyflies"
            viewBox="0 0 24 24"
          >
            <path
              d="M21 16v-2l-8-5V3.5c0-.83-.67-1.5-1.5-1.5S10 2.67 10 3.5V9l-8 5v2l8-2.5V19l-2 1.5V22l3.5-1 3.5 1v-1.5L13 19v-5.5l8 2.5z"
            />
          </svg>
        </td>
        <td
          class="MuiTableCell-root MuiTableCell-body"
        >
          name_1
        </td>
        <td
          class="MuiTableCell-root MuiTableCell-body"
        >
          jeudi 8 avril 2021 à 17:35:31
        </td>
        <td
          class="MuiTableCell-root MuiTableCell-body"
        >
          <button
            class="MuiButtonBase-root MuiIconButton-root"
            tabindex="0"
            type="button"
          >
            <span
              class="MuiIconButton-label"
            >
              <svg
                aria-hidden="true"
                class="MuiSvgIcon-root"
                focusable="false"
                viewBox="0 0 24 24"
              >
                <path
                  d="M6 19c0 1.1.9 2 2 2h8c1.1 0 2-.9 2-2V7H6v12zM8 9h8v10H8V9zm7.5-5l-1-1h-5l-1 1H5v2h14V4z"
                />
              </svg>
            </span>
          </button>
        </td>
      </tr>
    </tbody>
  </table>
</DocumentFragment>
`;
